
> hotspot-billing-system@1.0.0 dev /home/chuaga/Billing-system-
> ts-node src/server.ts

/home/chuaga/Billing-system-/node_modules/.pnpm/ts-node@10.9.2_@types+node@25.0.8_typescript@5.9.3/node_modules/ts-node/src/index.ts:859
    return new TSError(diagnosticText, diagnosticCodes, diagnostics);
           ^
TSError: ⨯ Unable to compile TypeScript:
src/server.ts(2,24): error TS2307: Cannot find module 'body-parser' or its corresponding type declarations.

    at createTSError (/home/chuaga/Billing-system-/node_modules/.pnpm/ts-node@10.9.2_@types+node@25.0.8_typescript@5.9.3/node_modules/ts-node/src/index.ts:859:12)
    at reportTSError (/home/chuaga/Billing-system-/node_modules/.pnpm/ts-node@10.9.2_@types+node@25.0.8_typescript@5.9.3/node_modules/ts-node/src/index.ts:863:19)
    at getOutput (/home/chuaga/Billing-system-/node_modules/.pnpm/ts-node@10.9.2_@types+node@25.0.8_typescript@5.9.3/node_modules/ts-node/src/index.ts:1077:36)
    at Object.compile (/home/chuaga/Billing-system-/node_modules/.pnpm/ts-node@10.9.2_@types+node@25.0.8_typescript@5.9.3/node_modules/ts-node/src/index.ts:1433:41)
    at Module.m._compile (/home/chuaga/Billing-system-/node_modules/.pnpm/ts-node@10.9.2_@types+node@25.0.8_typescript@5.9.3/node_modules/ts-node/src/index.ts:1617:30)
    at Module._extensions..js (node:internal/modules/cjs/loader:1613:10)
    at Object.require.extensions.<computed> [as .ts] (/home/chuaga/Billing-system-/node_modules/.pnpm/ts-node@10.9.2_@types+node@25.0.8_typescript@5.9.3/node_modules/ts-node/src/index.ts:1621:12)
    at Module.load (node:internal/modules/cjs/loader:1275:32)
    at Function.Module._load (node:internal/modules/cjs/loader:1096:12)
    at Function.executeUserEntryPoint [as runMain] (node:internal/modules/run_main:164:12) {
  diagnosticCodes: [ 2307 ]
}
 ELIFECYCLE  Command failed with exit code 1.
